Microchip MPLAB XC8 Compiler V2.41

Linker command line:

-W-3 \
  --edf=C:\Program Files\Microchip\xc8\v2.41\pic\dat\20230208172133_en.msgs \
  -cn -h+dist/default/production\PIC16F877A_Device_Drivers.X.production.sym \
  --cmf=dist/default/production\PIC16F877A_Device_Drivers.X.production.cmf \
  -z -Q16F877A \
  -oC:\Users\LENOVO\AppData\Local\Temp\xcBsm0g.1\driver_tmp_3.o \
  --defsym=__MPLAB_BUILD=1 --fixupoverflow=error \
  -Mdist/default/production/PIC16F877A_Device_Drivers.X.production.map \
  --md=C:\Users\LENOVO\AppData\Local\Temp\xcBsm0g.1\driver_tmp_0.dat -E1 \
  -ver=XC8 Compiler --acfsm=1493 -ACODE=00h-07FFhx4 -ASTRCODE=00h-01FFFh \
  -ASTRING=00h-0FFhx32 -ACONST=00h-0FFhx32 -AENTRY=00h-0FFhx32 \
  -ACOMMON=070h-07Fh -ABANK0=020h-06Fh -ABANK1=0A0h-0EFh \
  -ABANK2=0110h-016Fh -ABANK3=0190h-01EFh \
  -ARAM=020h-06Fh,0A0h-0EFh,0110h-016Fh,0190h-01EFh \
  -AABS1=020h-07Fh,0A0h-0EFh,0110h-016Fh,0190h-01EFh -ASFR0=00h-01Fh \
  -ASFR1=080h-09Fh -ASFR2=0100h-010Fh -ASFR3=0180h-018Fh \
  -ACONFIG=02007h-02007h -DCONFIG=2 -AIDLOC=02000h-02003h -DIDLOC=2 \
  -AEEDATA=00h-0FFh/02100h -peeprom_data=EEDATA -DEEDATA=2 -DCODE=2 \
  -DSTRCODE=2 -DSTRING=2 -DCONST=2 -DENTRY=2 \
  -preset_vec=00h,intentry=04h,init,end_init -ppowerup=CODE -pcinit=CODE \
  -pfunctab=ENTRY -k \
  C:\Users\LENOVO\AppData\Local\Temp\xcBsm0g.1\driver_tmp_12.o \
  dist/default/production\PIC16F877A_Device_Drivers.X.production.o 

Object code version is 3.11

Machine type is 16F877A



                Name                               Link     Load   Length Selector   Space Scale
C:\Users\LENOVO\AppData\Local\Temp\xcBsm0g.1\driver_tmp_12.o
                end_init                              E        E        3        8       0
                reset_vec                             0        0        3        0       0
                config                             2007     2007        1        0       4
                idloc                              2000     2000        4        0       5
dist/default/production\PIC16F877A_Device_Drivers.X.production.o
                cinit                                11       11       30        8       0
                functab                              41       41        D       82       0
                intentry                              4        4        A        8       0
                config                             2007     2007        1        0       4
                idloc                              2000     2000        4        0       5
                text20                              322      322        4      4E2       0
                text19                              31E      31E        4      4E2       0
                text18                              31A      31A        4      4E2       0
                text17                              316      316        4      4E2       0
                text16                              30D      30D        5      4E2       0
                text15                              2FD      2FD        6      4E2       0
                text14                              271      271       23      4E2       0
                text13                              328      328        1      4E2       0
                text12                              326      326        2      4E2       0
                text11                              308      308        5      4E2       0
                text10                              294      294       1B      4E2       0
                text9                               2AF      2AF        E      4E2       0
                text8                               2D8      2D8        9      4E2       0
                text7                               2CF      2CF        9      4E2       0
                text6                               2C6      2C6        9      4E2       0
                text5                               2BD      2BD        9      4E2       0
                text4                               2F7      2F7        6      4E2       0
                text3                               2E9      2E9        8      4E2       0
                text2                               2F1      2F1        6      4E2       0
                text1                                4E       4E      1A6       9C       0
                maintext                            312      312        4      4E2       0
                cstackCOMMON                         7A       7A        4       70       1
                clrtext                             2E1      2E1        8      4E2       0
                bssBANK0                             20       20       40       20       1
                dataCOMMON                           75       75        5       70       1
                bssCOMMON                            70       70        5       70       1
                strings                             200      200       71      400       0
                idataCOMMON                         303      303        5      4E2       0

TOTAL           Name                               Link     Load   Length     Space
        CLASS   CODE           
                end_init                              E        E        3         0
                cinit                                11       11       30         0
                intentry                              4        4        A         0
                reset_vec                             0        0        3         0
                text20                              322      322        4         0
                text19                              31E      31E        4         0
                text18                              31A      31A        4         0
                text17                              316      316        4         0
                text16                              30D      30D        5         0
                text15                              2FD      2FD        6         0
                text14                              271      271       23         0
                text13                              328      328        1         0
                text12                              326      326        2         0
                text11                              308      308        5         0
                text10                              294      294       1B         0
                text9                               2AF      2AF        E         0
                text8                               2D8      2D8        9         0
                text7                               2CF      2CF        9         0
                text6                               2C6      2C6        9         0
                text5                               2BD      2BD        9         0
                text4                               2F7      2F7        6         0
                text3                               2E9      2E9        8         0
                text2                               2F1      2F1        6         0
                text1                                4E       4E      1A6         0
                maintext                            312      312        4         0
                clrtext                             2E1      2E1        8         0
                idataCOMMON                         303      303        5         0

        CLASS   STRCODE        

        CLASS   STRING         
                strings                             200      200       71         0

        CLASS   CONST          

        CLASS   ENTRY          
                functab                              41       41        D         0

        CLASS   COMMON         
                cstackCOMMON                         7A       7A        4         1
                dataCOMMON                           75       75        5         1
                bssCOMMON                            70       70        5         1

        CLASS   BANK0          
                bssBANK0                             20       20       40         1

        CLASS   BANK1          

        CLASS   BANK2          

        CLASS   BANK3          

        CLASS   RAM            

        CLASS   ABS1           
                abs_s1                               7E       7E        2         1

        CLASS   SFR0           

        CLASS   SFR1           

        CLASS   SFR2           

        CLASS   SFR3           

        CLASS   CONFIG         
                config                             2007     2007        1         4

        CLASS   IDLOC          
                idloc                              2000     2000        4         5

        CLASS   EEDATA         

        CLASS   STACK          



SEGMENTS        Name                           Load    Length   Top    Selector   Space  Class     Delta

                reset_vec                      000000  000003  000003         0       0  CODE        2
                intentry                       000004  00003D  000041         8       0  CODE        2
                bssBANK0                       000020  000040  000060        20       1  BANK0       1
                bssCOMMON                      000070  00000E  00007E        70       1  COMMON      1
                functab                        000041  00000D  00004E        82       0  ENTRY       2
                text1                          00004E  0001A6  0001F4        9C       0  CODE        2
                strings                        000200  000071  000271       400       0  STRING      2
                text14                         000271  0000B8  000329       4E2       0  CODE        2


UNUSED ADDRESS RANGES

        Name                Unused          Largest block    Delta
        BANK0            0060-006F             10           1
        BANK1            00A0-00EF             50           1
        BANK2            0110-016F             60           1
        BANK3            0190-01EF             60           1
        CODE             0003-0003              1           2
                         01F4-01FF              C
                         0329-1FFF            800
        CONST            0003-0003              1           2
                         01F4-01FF              C
                         0329-1FFF            100
        EEDATA           2100-21FF            100           2
        ENTRY            0003-0003              1           2
                         01F4-01FF              C
                         0329-1FFF            100
        RAM              0060-006F             10           1
                         00A0-00EF             50
                         0110-016F             60
                         0190-01EF             60
        SFR0             0000-001F             20           1
        SFR1             0080-009F             20           1
        SFR2             0100-010F             10           1
        SFR3             0180-018F             10           1
        STRCODE          0003-0003              1           2
                         01F4-01FF              C
                         0329-1FFF           1CD7
        STRING           0003-0003              1           2
                         01F4-01FF              C
                         0329-1FFF            100

                                  Symbol Table

RB4_ISR@RB4_Source                           cstackCOMMON 007A
RB5_ISR@RB5_Source                           cstackCOMMON 007A
RB6_ISR@RB6_Source                           cstackCOMMON 007A
RB7_ISR@RB7_Source                           cstackCOMMON 007A
_ADCON0bits                                  (abs)        001F
_ADCON1bits                                  (abs)        009F
_ADCS0                                       (abs)        00FE
_ADCS1                                       (abs)        00FF
_ADCS2                                       (abs)        04FE
_ADC_ISR                                     text20       0322
_ADC_InterruptHandler                        bssCOMMON    0074
_ADRESH                                      (abs)        001E
_ADRESL                                      (abs)        009E
_BF                                          (abs)        04A0
_CCP1CONbits                                 (abs)        0017
_CCP1X                                       (abs)        00BD
_CCP1Y                                       (abs)        00BC
_CCP1_ISR                                    text19       031E
_CCP1_InterruptHandler                       bssBANK0     005F
_CCP2CONbits                                 (abs)        001D
_CCP2X                                       (abs)        00ED
_CCP2Y                                       (abs)        00EC
_CCP2_ISR                                    text18       031A
_CCP2_InterruptHandler                       bssBANK0     005E
_CCPR1                                       (abs)        0015
_CCPR1L                                      (abs)        0015
_CCPR2                                       (abs)        001B
_CCPR2L                                      (abs)        001B
_CMCONbits                                   (abs)        009C
_EUSART_FramingErrorHandler                  bssCOMMON    0073
_EUSART_FramingErrorHandler_Isr              text17       0316
_EUSART_OverrunErrorHandler                  bssCOMMON    0072
_EUSART_OverrunErrorHandler_Isr              text15       02FD
_EUSART_RX_ISR                               text14       0271
_EUSART_RxInterruptHandler                   bssBANK0     0046
_EUSART_TX_ISR                               text13       0328
_EUSART_TxInterruptHandler                   bssBANK0     0047
_FERR                                        (abs)        00C2
_HAL_I2C_DeInit                              (abs)        0000
_HAL_I2C_Init                                (abs)        0000
_HAL_I2C_Master_Send_Repeated_Start          (abs)        0000
_HAL_I2C_Master_Send_Start                   (abs)        0000
_HAL_I2C_Master_Send_Stop                    (abs)        0000
_HAL_I2C_Print                               (abs)        0000
_HAL_I2C_Println                             (abs)        0000
_HAL_I2C_Read                                (abs)        0000
_HAL_I2C_Request_From                        (abs)        0000
_HAL_I2C_Set_Handler_Rec                     (abs)        0000
_HAL_I2C_Set_Handler_Req                     (abs)        0000
_HAL_I2C_Write                               (abs)        0000
_HAL_I2C_available                           (abs)        0000
_HAL_I2C_setClock                            (abs)        0000
_HAL_SPI_Available                           (abs)        0000
_HAL_SPI_Deinit                              (abs)        0000
_HAL_SPI_Init                                (abs)        0000
_HAL_SPI_Read_Char                           (abs)        0000
_HAL_SPI_Write_Char                          (abs)        0000
_HAL_SPI_Write_String                        (abs)        0000
_HAL_SPI_Write_String_ln                     (abs)        0000
_HAL_USART_ASYNC_DeInit                      (abs)        0000
_HAL_USART_ASYNC_Init                        (abs)        0000
_HAL_USART_Read_Char                         (abs)        0000
_HAL_USART_Set_Interrupt_Handler             (abs)        0000
_HAL_USART_Write_Char                        (abs)        0000
_HAL_USART_Write_String                      (abs)        0000
_HAL_USART_Write_String_ln                   (abs)        0000
_HAL_USART_is_Available                      (abs)        0000
_I2C_DefaultInterruptHandle_Rec              bssBANK0     005A
_I2C_DefaultInterruptHandle_Req              bssBANK0     005B
_I2C_Report_Receive_Overflow_InterruptHandle bssBANK0     005C
_I2C_Report_Write_Collision_InterruptHandler bssBANK0     005D
_INT0_ISR                                    text12       0326
_INT0_InterruptHandler                       bssBANK0     0058
_INTCONbits                                  (abs)        000B
_InterruptManager                            text1        004E
_MSSP_I2C_BC_ISR                             text11       0308
_MSSP_I2C_ISR                                text10       0294
_MSSP_SPI_ISR                                text9        02AF
_MSSP_SPI_Interrupt_Configurations           (abs)        0000
_OERR                                        (abs)        00C1
_OPTION_REGbits                              (abs)        0081
_PIE1bits                                    (abs)        008C
_PIE2bits                                    (abs)        008D
_PIR1bits                                    (abs)        000C
_PIR2bits                                    (abs)        000D
_PORTA                                       (abs)        0005
_PORTB                                       (abs)        0006
_PORTBbits                                   (abs)        0006
_PORTC                                       (abs)        0007
_PORTD                                       (abs)        0008
_PORTE                                       (abs)        0009
_PR2                                         (abs)        0092
_RB4_Flag                                    dataCOMMON   0078
_RB4_ISR                                     text8        02D8
_RB4_InterruptHandler_HIGH                   bssBANK0     0057
_RB4_InterruptHandler_LOW                    bssBANK0     0056
_RB5_Flag                                    dataCOMMON   0077
_RB5_ISR                                     text7        02CF
_RB5_InterruptHandler_HIGH                   bssBANK0     0055
_RB5_InterruptHandler_LOW                    bssBANK0     0054
_RB6_Flag                                    dataCOMMON   0076
_RB6_ISR                                     text6        02C6
_RB6_InterruptHandler_HIGH                   bssBANK0     0053
_RB6_InterruptHandler_LOW                    bssBANK0     0052
_RB7_Flag                                    dataCOMMON   0075
_RB7_ISR                                     text5        02BD
_RB7_InterruptHandler_HIGH                   bssBANK0     0051
_RB7_InterruptHandler_LOW                    bssBANK0     0050
_RCIF                                        (abs)        0065
_RCREG                                       (abs)        001A
_RCSTAbits                                   (abs)        0018
_R_nW                                        (abs)        04A2
_SPBRG                                       (abs)        0099
_SPI_DefaultInterruptHandle                  bssBANK0     004D
_SPI_Report_Receive_Overflow_InterruptHandle bssBANK0     004E
_SPI_Report_Write_Collision_InterruptHandler bssBANK0     004F
_SSPADD                                      (abs)        0093
_SSPBUF                                      (abs)        0013
_SSPCON2bits                                 (abs)        0091
_SSPCONbits                                  (abs)        0014
_SSPIF                                       (abs)        0063
_SSPSTATbits                                 (abs)        0094
_Serial                                      bssBANK0     0036
_Spi                                         bssBANK0     002E
_T1CONbits                                   (abs)        0010
_T2CONbits                                   (abs)        0012
_TMR0                                        (abs)        0001
_TMR0_ISR                                    text4        02F7
_TMR0_InterruptHandler                       bssBANK0     004B
_TMR1H                                       (abs)        000F
_TMR1L                                       (abs)        000E
_TMR1_ISR                                    text3        02E9
_TMR1_InterruptHandler                       bssBANK0     004A
_TMR2                                        (abs)        0011
_TMR2_ISR                                    text2        02F1
_TMR2_InterruptHandler                       bssBANK0     0049
_TRISA                                       (abs)        0085
_TRISB                                       (abs)        0086
_TRISC                                       (abs)        0087
_TRISD                                       (abs)        0088
_TRISE                                       (abs)        0089
_TXREG                                       (abs)        0019
_TXSTAbits                                   (abs)        0098
_USART_ASYNC_RX_Restart                      text16       030D
_Wire                                        bssBANK0     0020
__H__absolute__                              __absolute__ 0000
__Habs1                                      abs1         009C
__Hbank0                                     bank0        009C
__Hbank1                                     bank1        009C
__Hbank2                                     bank2        009C
__Hbank3                                     bank3        009C
__HbssBANK0                                  bssBANK0     009C
__HbssCOMMON                                 bssCOMMON    009C
__Hcinit                                     cinit        0041
__Hclrtext                                   clrtext      009C
__Hcode                                      code         009C
__Hcommon                                    common       009C
__Hconfig                                    config       2008
__HcstackBANK0                               cstackBANK0  009C
__HcstackCOMMON                              cstackCOMMON 009C
__HdataCOMMON                                dataCOMMON   009C
__Heeprom_data                               eeprom_data  0000
__Hend_init                                  end_init     0011
__Hfunctab                                   functab      004E
__HidataCOMMON                               idataCOMMON  009C
__Hidloc                                     idloc        2004
__Hinit                                      init         000E
__Hintentry                                  intentry     000E
__Hmaintext                                  maintext     009C
__Hpowerup                                   powerup      0000
__Hram                                       ram          009C
__Hreset_vec                                 reset_vec    0003
__Hsfr0                                      sfr0         009C
__Hsfr1                                      sfr1         009C
__Hsfr2                                      sfr2         009C
__Hsfr3                                      sfr3         009C
__Hspace_0                                   (abs)        0329
__Hspace_1                                   (abs)        007E
__Hspace_2                                   (abs)        009C
__Hspace_3                                   (abs)        0000
__Hspace_4                                   (abs)        400F
__Hstack                                     stack        009C
__Hstrings                                   strings      009C
__Htext                                      text         009C
__L__absolute__                              __absolute__ 0000
__Labs1                                      abs1         009C
__Lbank0                                     bank0        009C
__Lbank1                                     bank1        009C
__Lbank2                                     bank2        009C
__Lbank3                                     bank3        009C
__LbssBANK0                                  bssBANK0     009C
__LbssCOMMON                                 bssCOMMON    009C
__Lcinit                                     cinit        0011
__Lclrtext                                   clrtext      009C
__Lcode                                      code         009C
__Lcommon                                    common       009C
__Lconfig                                    config       0000
__LcstackBANK0                               cstackBANK0  009C
__LcstackCOMMON                              cstackCOMMON 009C
__LdataCOMMON                                dataCOMMON   009C
__Leeprom_data                               eeprom_data  0000
__Lend_init                                  end_init     000E
__Lfunctab                                   functab      0041
__LidataCOMMON                               idataCOMMON  009C
__Lidloc                                     idloc        0000
__Linit                                      init         000E
__Lintentry                                  intentry     0004
__Lmaintext                                  maintext     009C
__Lpowerup                                   powerup      0000
__Lram                                       ram          009C
__Lreset_vec                                 reset_vec    0000
__Lsfr0                                      sfr0         009C
__Lsfr1                                      sfr1         009C
__Lsfr2                                      sfr2         009C
__Lsfr3                                      sfr3         009C
__Lspace_0                                   (abs)        0000
__Lspace_1                                   (abs)        0000
__Lspace_2                                   (abs)        0000
__Lspace_3                                   (abs)        0000
__Lspace_4                                   (abs)        0000
__Lstack                                     stack        009C
__Lstrings                                   strings      009C
__Ltext                                      text         009C
__S0                                         (abs)        0329
__S1                                         (abs)        007E
__S3                                         (abs)        0000
___int_sp                                    stack        009C
___latbits                                   (abs)        0002
___sp                                        stack        009C
___stackhi                                   (abs)        0000
___stacklo                                   (abs)        0000
__end_of_ADC_ISR                             text20       0326
__end_of_CCP1_ISR                            text19       0322
__end_of_CCP2_ISR                            text18       031E
__end_of_EUSART_FramingErrorHandler_Isr      text17       031A
__end_of_EUSART_OverrunErrorHandler_Isr      text15       0303
__end_of_EUSART_RX_ISR                       text14       0294
__end_of_EUSART_TX_ISR                       text13       0329
__end_of_INT0_ISR                            text12       0328
__end_of_InterruptManager                    text1        01F4
__end_of_MSSP_I2C_BC_ISR                     text11       030D
__end_of_MSSP_I2C_ISR                        text10       02AF
__end_of_MSSP_SPI_ISR                        text9        02BD
__end_of_RB4_ISR                             text8        02E1
__end_of_RB5_ISR                             text7        02D8
__end_of_RB6_ISR                             text6        02CF
__end_of_RB7_ISR                             text5        02C6
__end_of_TMR0_ISR                            text4        02FD
__end_of_TMR1_ISR                            text3        02F1
__end_of_TMR2_ISR                            text2        02F7
__end_of_USART_ASYNC_RX_Restart              text16       0312
__end_of__i1fptable                          functab      004E
__end_of__initialization                     cinit        003D
__end_of__stringtab                          strings      0206
__end_of_btn_values                          strings      0216
__end_of_main                                maintext     0316
__i1fptable                                  functab      0042
__initialization                             cinit        0011
__pbssBANK0                                  bssBANK0     0020
__pbssCOMMON                                 bssCOMMON    0070
__pcstackBANK0                               cstackBANK0  0000
__pcstackCOMMON                              cstackCOMMON 007A
__pdataCOMMON                                dataCOMMON   0075
__pfunctab                                   functab      0041
__pidataCOMMON                               idataCOMMON  0303
__pintentry                                  intentry     0004
__pmaintext                                  maintext     0312
__pstrings                                   strings      0200
__ptext1                                     text1        004E
__ptext10                                    text10       0294
__ptext11                                    text11       0308
__ptext12                                    text12       0326
__ptext13                                    text13       0328
__ptext14                                    text14       0271
__ptext15                                    text15       02FD
__ptext16                                    text16       030D
__ptext17                                    text17       0316
__ptext18                                    text18       031A
__ptext19                                    text19       031E
__ptext2                                     text2        02F1
__ptext20                                    text20       0322
__ptext3                                     text3        02E9
__ptext4                                     text4        02F7
__ptext5                                     text5        02BD
__ptext6                                     text6        02C6
__ptext7                                     text7        02CF
__ptext8                                     text8        02D8
__ptext9                                     text9        02AF
__size_of__i1fptable                         (abs)        0000
__stringbase                                 strings      0205
__stringtab                                  strings      0200
_btn_values                                  strings      0206
_i2c_mode                                    dataCOMMON   0079
_keypad_get_value                            (abs)        0000
_lcd_4bit_autoscroll                         (abs)        0000
_lcd_4bit_blink                              (abs)        0000
_lcd_4bit_clear                              (abs)        0000
_lcd_4bit_cursor                             (abs)        0000
_lcd_4bit_display                            (abs)        0000
_lcd_4bit_home                               (abs)        0000
_lcd_4bit_leftToRight                        (abs)        0000
_lcd_4bit_noAutoscroll                       (abs)        0000
_lcd_4bit_no_blink                           (abs)        0000
_lcd_4bit_no_cursor                          (abs)        0000
_lcd_4bit_no_display                         (abs)        0000
_lcd_4bit_rightToLeft                        (abs)        0000
_lcd_4bit_save_custom_char                   (abs)        0000
_lcd_4bit_scrollDisplayLeft                  (abs)        0000
_lcd_4bit_scrollDisplayRight                 (abs)        0000
_lcd_4bit_send_char_data                     (abs)        0000
_lcd_4bit_send_string                        (abs)        0000
_lcd_4bit_set_cursor                         (abs)        0000
_main                                        maintext     0312
_timer0_preload                              bssBANK0     0044
_timer1_preload                              bssCOMMON    0070
_timer2_preload                              bssBANK0     0048
btemp                                        (abs)        007E
clear_ram0                                   clrtext      02E1
end_of_initialization                        cinit        003D
fpbase                                       (abs)        0000
fptable                                      functab      0041
fptotal                                      (abs)        0000
i1fpbase                                     functab      0047
i1fptable                                    functab      0042
i1fptotal                                    (abs)        0002
interrupt_function                           intentry     0004
intlevel0                                    functab      0041
intlevel1                                    functab      0041
intlevel2                                    functab      0041
intlevel3                                    functab      0041
intlevel4                                    functab      0041
intlevel5                                    functab      0041
reset_vec                                    reset_vec    0000
saved_w                                      (abs)        007E
start                                        init         000E
start_initialization                         cinit        0011
wtemp0                                       (abs)        007E


MODULE INFORMATION

Module		Function		Class		Link	Load	Size
MCAL_layer/ccp/hal_ccp.c
		_CCP1_ISR      		CODE           	031E	0000	4
		_CCP2_ISR      		CODE           	031A	0000	4

MCAL_layer/ccp/hal_ccp.c estimated size: 8

MCAL_layer/Interrupt/mcal_interrupt_manager.c
		_InterruptManager		CODE           	004E	0000	422

MCAL_layer/Interrupt/mcal_interrupt_manager.c estimated size: 422

MCAL_layer/Interrupt/mcal_external_interrupt.c
		_RB4_ISR       		CODE           	02D8	0000	9
		_RB5_ISR       		CODE           	02CF	0000	9
		_RB6_ISR       		CODE           	02C6	0000	9
		_RB7_ISR       		CODE           	02BD	0000	9
		_INT0_ISR      		CODE           	0326	0000	2

MCAL_layer/Interrupt/mcal_external_interrupt.c estimated size: 38

MCAL_layer/timer0/hal_timr0.c
		_TMR0_ISR      		CODE           	02F7	0000	6

MCAL_layer/timer0/hal_timr0.c estimated size: 6

MCAL_layer/timer2/hal_timr2.c
		_TMR2_ISR      		CODE           	02F1	0000	6

MCAL_layer/timer2/hal_timr2.c estimated size: 6

MCAL_layer/spi/hal_spi.c
		_MSSP_SPI_ISR  		CODE           	02AF	0000	14

MCAL_layer/spi/hal_spi.c estimated size: 14

MCAL_layer/i2c/hal_i2c.c
		_MSSP_I2C_ISR  		CODE           	0294	0000	27
		_MSSP_I2C_BC_ISR		CODE           	0308	0000	5

MCAL_layer/i2c/hal_i2c.c estimated size: 32

MCAL_layer/timer1/hal_timr1.c
		_TMR1_ISR      		CODE           	02E9	0000	8

MCAL_layer/timer1/hal_timr1.c estimated size: 8

shared
		__stringtab    		STRING         	0200	0000	6
		__i1fptable    		ENTRY          	0042	0000	12
		_btn_values    		STRING         	0206	0000	16
		__initialization		CODE           	0011	0000	44

shared estimated size: 78

MCAL_layer/adc/hal_adc.c
		_ADC_ISR       		CODE           	0322	0000	4

MCAL_layer/adc/hal_adc.c estimated size: 4

MCAL_layer/usart/hal_usart.c
		_EUSART_RX_ISR 		CODE           	0271	0000	35
		_EUSART_TX_ISR 		CODE           	0328	0000	1
		_EUSART_FramingErrorHandler_Isr		CODE           	0316	0000	4
		_EUSART_OverrunErrorHandler_Isr		CODE           	02FD	0000	6
		_USART_ASYNC_RX_Restart		CODE           	030D	0000	5

MCAL_layer/usart/hal_usart.c estimated size: 51

main.c
		_main          		CODE           	0312	0000	4

main.c estimated size: 4

